Archive member included to satisfy reference by file (symbol)

c:/program files (x86)/atollic/truestudio for stm32 9.3.0/armtools/bin/../lib/gcc/arm-atollic-eabi/6.3.1/../../../../arm-atollic-eabi/lib/armv7e-m/fpu\libc_nano.a(lib_a-init.o)
                              startup\startup_stm32f407xx.o (__libc_init_array)
c:/program files (x86)/atollic/truestudio for stm32 9.3.0/armtools/bin/../lib/gcc/arm-atollic-eabi/6.3.1/../../../../arm-atollic-eabi/lib/armv7e-m/fpu\libc_nano.a(lib_a-memset.o)
                              Src\adc.o (memset)
c:/program files (x86)/atollic/truestudio for stm32 9.3.0/armtools/bin/../lib/gcc/arm-atollic-eabi/6.3.1/armv7e-m/fpu\libgcc.a(_aeabi_uldivmod.o)
                              Drivers\STM32F4xx_HAL_Driver\Src\stm32f4xx_hal_rcc.o (__aeabi_uldivmod)
c:/program files (x86)/atollic/truestudio for stm32 9.3.0/armtools/bin/../lib/gcc/arm-atollic-eabi/6.3.1/armv7e-m/fpu\libgcc.a(_udivmoddi4.o)
                              c:/program files (x86)/atollic/truestudio for stm32 9.3.0/armtools/bin/../lib/gcc/arm-atollic-eabi/6.3.1/armv7e-m/fpu\libgcc.a(_aeabi_uldivmod.o) (__udivmoddi4)
c:/program files (x86)/atollic/truestudio for stm32 9.3.0/armtools/bin/../lib/gcc/arm-atollic-eabi/6.3.1/armv7e-m/fpu\libgcc.a(_dvmd_tls.o)
                              c:/program files (x86)/atollic/truestudio for stm32 9.3.0/armtools/bin/../lib/gcc/arm-atollic-eabi/6.3.1/armv7e-m/fpu\libgcc.a(_aeabi_uldivmod.o) (__aeabi_ldiv0)

Allocating common symbols
Common symbol       size              file

hspi2               0x58              Src\spi.o
htim8               0x3c              Src\tim.o
hi2c1               0x54              Src\i2c.o
hi2c2               0x54              Src\i2c.o
uwTick              0x4               Drivers\STM32F4xx_HAL_Driver\Src\stm32f4xx_hal.o
pFlash              0x20              Drivers\STM32F4xx_HAL_Driver\Src\stm32f4xx_hal_flash.o
htim3               0x3c              Src\tim.o
hadc1               0x48              Src\adc.o
huart1              0x40              Src\usart.o
htim6               0x3c              Src\tim.o
htim1               0x3c              Src\tim.o
huart4              0x40              Src\usart.o
htim7               0x3c              Src\tim.o

Discarded input sections

 .text          0x00000000        0x0 c:/program files (x86)/atollic/truestudio for stm32 9.3.0/armtools/bin/../lib/gcc/arm-atollic-eabi/6.3.1/armv7e-m/fpu/crti.o
 .data          0x00000000        0x0 c:/program files (x86)/atollic/truestudio for stm32 9.3.0/armtools/bin/../lib/gcc/arm-atollic-eabi/6.3.1/armv7e-m/fpu/crti.o
 .bss           0x00000000        0x0 c:/program files (x86)/atollic/truestudio for stm32 9.3.0/armtools/bin/../lib/gcc/arm-atollic-eabi/6.3.1/armv7e-m/fpu/crti.o
 .data          0x00000000        0x4 c:/program files (x86)/atollic/truestudio for stm32 9.3.0/armtools/bin/../lib/gcc/arm-atollic-eabi/6.3.1/armv7e-m/fpu/crtbegin.o
 .text          0x00000000        0x0 Drivers\STM32F4xx_HAL_Driver\Src\stm32f4xx_hal.o
 .data          0x00000000        0x0 Drivers\STM32F4xx_HAL_Driver\Src\stm32f4xx_hal.o
 .bss           0x00000000        0x0 Drivers\STM32F4xx_HAL_Driver\Src\stm32f4xx_hal.o
 .text.HAL_MspInit
                0x00000000        0x2 Drivers\STM32F4xx_HAL_Driver\Src\stm32f4xx_hal.o
 .text.HAL_MspDeInit
                0x00000000        0x2 Drivers\STM32F4xx_HAL_Driver\Src\stm32f4xx_hal.o
 .text.HAL_DeInit
                0x00000000       0x2c Drivers\STM32F4xx_HAL_Driver\Src\stm32f4xx_hal.o
 .text.HAL_GetTickPrio
                0x00000000        0xc Drivers\STM32F4xx_HAL_Driver\Src\stm32f4xx_hal.o
 .text.HAL_SetTickFreq
                0x00000000       0x24 Drivers\STM32F4xx_HAL_Driver\Src\stm32f4xx_hal.o
 .text.HAL_GetTickFreq
                0x00000000        0xc Drivers\STM32F4xx_HAL_Driver\Src\stm32f4xx_hal.o
 .text.HAL_SuspendTick
                0x00000000       0x10 Drivers\STM32F4xx_HAL_Driver\Src\stm32f4xx_hal.o
 .text.HAL_ResumeTick
                0x00000000       0x10 Drivers\STM32F4xx_HAL_Driver\Src\stm32f4xx_hal.o
 .text.HAL_GetHalVersion
                0x00000000        0x8 Drivers\STM32F4xx_HAL_Driver\Src\stm32f4xx_hal.o
 .text.HAL_GetREVID
                0x00000000        0xc Drivers\STM32F4xx_HAL_Driver\Src\stm32f4xx_hal.o
 .text.HAL_GetDEVID
                0x00000000       0x10 Drivers\STM32F4xx_HAL_Driver\Src\stm32f4xx_hal.o
 .text.HAL_DBGMCU_EnableDBGSleepMode
                0x00000000       0x10 Drivers\STM32F4xx_HAL_Driver\Src\stm32f4xx_hal.o
 .text.HAL_DBGMCU_DisableDBGSleepMode
                0x00000000       0x10 Drivers\STM32F4xx_HAL_Driver\Src\stm32f4xx_hal.o
 .text.HAL_DBGMCU_EnableDBGStopMode
                0x00000000       0x10 Drivers\STM32F4xx_HAL_Driver\Src\stm32f4xx_hal.o
 .text.HAL_DBGMCU_DisableDBGStopMode
                0x00000000       0x10 Drivers\STM32F4xx_HAL_Driver\Src\stm32f4xx_hal.o
 .text.HAL_DBGMCU_EnableDBGStandbyMode
[...]
Memory Configuration

Name             Origin             Length             Attributes
RAM              0x20000000         0x00020000         xrw
CCMRAM           0x10000000         0x00010000         rw
FLASH            0x08000000         0x00080000         xr
*default*        0x00000000         0xffffffff

Linker script and memory map

LOAD c:/program files (x86)/atollic/truestudio for stm32 9.3.0/armtools/bin/../lib/gcc/arm-atollic-eabi/6.3.1/armv7e-m/fpu/crti.o
LOAD c:/program files (x86)/atollic/truestudio for stm32 9.3.0/armtools/bin/../lib/gcc/arm-atollic-eabi/6.3.1/armv7e-m/fpu/crtbegin.o
LOAD Drivers\STM32F4xx_HAL_Driver\Src\stm32f4xx_hal.o
LOAD Drivers\STM32F4xx_HAL_Driver\Src\stm32f4xx_hal_adc.o
LOAD Drivers\STM32F4xx_HAL_Driver\Src\stm32f4xx_hal_adc_ex.o
LOAD Drivers\STM32F4xx_HAL_Driver\Src\stm32f4xx_hal_cortex.o
LOAD Drivers\STM32F4xx_HAL_Driver\Src\stm32f4xx_hal_dma.o
LOAD Drivers\STM32F4xx_HAL_Driver\Src\stm32f4xx_hal_dma_ex.o
LOAD Drivers\STM32F4xx_HAL_Driver\Src\stm32f4xx_hal_flash.o
LOAD Drivers\STM32F4xx_HAL_Driver\Src\stm32f4xx_hal_flash_ex.o
LOAD Drivers\STM32F4xx_HAL_Driver\Src\stm32f4xx_hal_flash_ramfunc.o
LOAD Drivers\STM32F4xx_HAL_Driver\Src\stm32f4xx_hal_gpio.o
LOAD Drivers\STM32F4xx_HAL_Driver\Src\stm32f4xx_hal_i2c.o
LOAD Drivers\STM32F4xx_HAL_Driver\Src\stm32f4xx_hal_i2c_ex.o
LOAD Drivers\STM32F4xx_HAL_Driver\Src\stm32f4xx_hal_pwr.o
LOAD Drivers\STM32F4xx_HAL_Driver\Src\stm32f4xx_hal_pwr_ex.o
LOAD Drivers\STM32F4xx_HAL_Driver\Src\stm32f4xx_hal_rcc.o
LOAD Drivers\STM32F4xx_HAL_Driver\Src\stm32f4xx_hal_rcc_ex.o
LOAD Drivers\STM32F4xx_HAL_Driver\Src\stm32f4xx_hal_spi.o
LOAD Drivers\STM32F4xx_HAL_Driver\Src\stm32f4xx_hal_tim.o
LOAD Drivers\STM32F4xx_HAL_Driver\Src\stm32f4xx_hal_tim_ex.o
LOAD Drivers\STM32F4xx_HAL_Driver\Src\stm32f4xx_hal_uart.o
LOAD Src\adc.o
LOAD Src\gpio.o
LOAD Src\i2c.o
LOAD Src\main.o
LOAD Src\spi.o
LOAD Src\stm32f4xx_hal_msp.o
LOAD Src\stm32f4xx_it.o
LOAD Src\system_stm32f4xx.o
LOAD Src\tim.o
LOAD Src\usart.o
LOAD startup\startup_stm32f407xx.o
                0x00000080                malloc_getpagesize_P = 0x80
START GROUP
LOAD c:/program files (x86)/atollic/truestudio for stm32 9.3.0/armtools/bin/../lib/gcc/arm-atollic-eabi/6.3.1/../../../../arm-atollic-eabi/lib/armv7e-m/fpu\libc_nano.a
LOAD c:/program files (x86)/atollic/truestudio for stm32 9.3.0/armtools/bin/../lib/gcc/arm-atollic-eabi/6.3.1/../../../../arm-atollic-eabi/lib/armv7e-m/fpu\libm.a
END GROUP
START GROUP
LOAD c:/program files (x86)/atollic/truestudio for stm32 9.3.0/armtools/bin/../lib/gcc/arm-atollic-eabi/6.3.1/armv7e-m/fpu\libgcc.a
LOAD c:/program files (x86)/atollic/truestudio for stm32 9.3.0/armtools/bin/../lib/gcc/arm-atollic-eabi/6.3.1/../../../../arm-atollic-eabi/lib/armv7e-m/fpu\libc_nano.a
END GROUP
START GROUP
LOAD c:/program files (x86)/atollic/truestudio for stm32 9.3.0/armtools/bin/../lib/gcc/arm-atollic-eabi/6.3.1/armv7e-m/fpu\libgcc.a
LOAD c:/program files (x86)/atollic/truestudio for stm32 9.3.0/armtools/bin/../lib/gcc/arm-atollic-eabi/6.3.1/../../../../arm-atollic-eabi/lib/armv7e-m/fpu\libc_nano.a
LOAD c:/program files (x86)/atollic/truestudio for stm32 9.3.0/armtools/bin/../lib/gcc/arm-atollic-eabi/6.3.1/../../../../arm-atollic-eabi/lib/armv7e-m/fpu\libnosys.a
END GROUP
START GROUP
LOAD c:/program files (x86)/atollic/truestudio for stm32 9.3.0/armtools/bin/../lib/gcc/arm-atollic-eabi/6.3.1/armv7e-m/fpu\libgcc.a
LOAD c:/program files (x86)/atollic/truestudio for stm32 9.3.0/armtools/bin/../lib/gcc/arm-atollic-eabi/6.3.1/../../../../arm-atollic-eabi/lib/armv7e-m/fpu\libc_nano.a
LOAD c:/program files (x86)/atollic/truestudio for stm32 9.3.0/armtools/bin/../lib/gcc/arm-atollic-eabi/6.3.1/../../../../arm-atollic-eabi/lib/armv7e-m/fpu\libnosys.a
END GROUP
LOAD c:/program files (x86)/atollic/truestudio for stm32 9.3.0/armtools/bin/../lib/gcc/arm-atollic-eabi/6.3.1/armv7e-m/fpu/crtend.o
LOAD c:/program files (x86)/atollic/truestudio for stm32 9.3.0/armtools/bin/../lib/gcc/arm-atollic-eabi/6.3.1/armv7e-m/fpu/crtn.o
                0x20020000                _estack = 0x20020000
                0x00000200                _Min_Heap_Size = 0x200
                0x00000400                _Min_Stack_Size = 0x400

.isr_vector     0x08000000      0x188
                0x08000000                . = ALIGN (0x4)
 *(.isr_vector)
 .isr_vector    0x08000000      0x188 startup\startup_stm32f407xx.o
                0x08000000                g_pfnVectors
                0x08000188                . = ALIGN (0x4)

.text           0x08000188     0x20cc
                0x08000188                . = ALIGN (0x4)
 *(.text)
 .text          0x08000188       0x40 c:/program files (x86)/atollic/truestudio for stm32 9.3.0/armtools/bin/../lib/gcc/arm-atollic-eabi/6.3.1/armv7e-m/fpu/crtbegin.o
 .text          0x080001c8       0x30 c:/program files (x86)/atollic/truestudio for stm32 9.3.0/armtools/bin/../lib/gcc/arm-atollic-eabi/6.3.1/armv7e-m/fpu\libgcc.a(_aeabi_uldivmod.o)
                0x080001c8                __aeabi_uldivmod
 .text          0x080001f8      0x2dc c:/program files (x86)/atollic/truestudio for stm32 9.3.0/armtools/bin/../lib/gcc/arm-atollic-eabi/6.3.1/armv7e-m/fpu\libgcc.a(_udivmoddi4.o)
                0x080001f8                __udivmoddi4
 .text          0x080004d4        0x4 c:/program files (x86)/atollic/truestudio for stm32 9.3.0/armtools/bin/../lib/gcc/arm-atollic-eabi/6.3.1/armv7e-m/fpu\libgcc.a(_dvmd_tls.o)
                0x080004d4                __aeabi_idiv0
                0x080004d4                __aeabi_ldiv0
 *(.text*)
 .text.HAL_InitTick
                0x080004d8       0x48 Drivers\STM32F4xx_HAL_Driver\Src\stm32f4xx_hal.o
                0x080004d8                HAL_InitTick
 .text.HAL_Init
                0x08000520       0x34 Drivers\STM32F4xx_HAL_Driver\Src\stm32f4xx_hal.o
                0x08000520                HAL_Init
 .text.HAL_IncTick
                0x08000554       0x18 Drivers\STM32F4xx_HAL_Driver\Src\stm32f4xx_hal.o
                0x08000554                HAL_IncTick
 .text.HAL_GetTick
                0x0800056c        0xc Drivers\STM32F4xx_HAL_Driver\Src\stm32f4xx_hal.o
                0x0800056c                HAL_GetTick
 .text.HAL_Delay
                0x08000578       0x28 Drivers\STM32F4xx_HAL_Driver\Src\stm32f4xx_hal.o
                0x08000578                HAL_Delay
 .text.HAL_ADC_Init
                0x080005a0      0x148 Drivers\STM32F4xx_HAL_Driver\Src\stm32f4xx_hal_adc.o
                0x080005a0                HAL_ADC_Init
 .text.HAL_ADC_ConfigChannel
                0x080006e8      0x12c Drivers\STM32F4xx_HAL_Driver\Src\stm32f4xx_hal_adc.o
                0x080006e8                HAL_ADC_ConfigChannel
 .text.HAL_NVIC_SetPriorityGrouping
                0x08000814       0x24 Drivers\STM32F4xx_HAL_Driver\Src\stm32f4xx_hal_cortex.o
                0x08000814                HAL_NVIC_SetPriorityGrouping
 .text.HAL_NVIC_SetPriority
                0x08000838       0x68 Drivers\STM32F4xx_HAL_Driver\Src\stm32f4xx_hal_cortex.o
                0x08000838                HAL_NVIC_SetPriority
 .text.HAL_SYSTICK_Config
                0x080008a0       0x2c Drivers\STM32F4xx_HAL_Driver\Src\stm32f4xx_hal_cortex.o
                0x080008a0                HAL_SYSTICK_Config
 .text.HAL_GPIO_Init
                0x080008cc      0x1c0 Drivers\STM32F4xx_HAL_Driver\Src\stm32f4xx_hal_gpio.o
                0x080008cc                HAL_GPIO_Init
 .text.HAL_GPIO_WritePin
                0x08000a8c        0xa Drivers\STM32F4xx_HAL_Driver\Src\stm32f4xx_hal_gpio.o
                0x08000a8c                HAL_GPIO_WritePin
 *fill*         0x08000a96        0x2 
 .text.HAL_I2C_Init
                0x08000a98       0xdc Drivers\STM32F4xx_HAL_Driver\Src\stm32f4xx_hal_i2c.o
                0x08000a98                HAL_I2C_Init
 .text.HAL_RCC_OscConfig
                0x08000b74      0x304 Drivers\STM32F4xx_HAL_Driver\Src\stm32f4xx_hal_rcc.o
                0x08000b74                HAL_RCC_OscConfig
 .text.HAL_RCC_GetSysClockFreq
                0x08000e78       0x5c Drivers\STM32F4xx_HAL_Driver\Src\stm32f4xx_hal_rcc.o
                0x08000e78                HAL_RCC_GetSysClockFreq
 .text.HAL_RCC_ClockConfig
                0x08000ed4      0x134 Drivers\STM32F4xx_HAL_Driver\Src\stm32f4xx_hal_rcc.o
                0x08000ed4                HAL_RCC_ClockConfig
 .text.HAL_RCC_GetPCLK1Freq
                0x08001008       0x20 Drivers\STM32F4xx_HAL_Driver\Src\stm32f4xx_hal_rcc.o
                0x08001008                HAL_RCC_GetPCLK1Freq
 .text.HAL_RCC_GetPCLK2Freq
                0x08001028       0x20 Drivers\STM32F4xx_HAL_Driver\Src\stm32f4xx_hal_rcc.o
                0x08001028                HAL_RCC_GetPCLK2Freq
 .text.HAL_SPI_Init
                0x08001048       0x7a Drivers\STM32F4xx_HAL_Driver\Src\stm32f4xx_hal_spi.o
                0x08001048                HAL_SPI_Init
 *fill*         0x080010c2        0x2 
 .text.TIM_OC1_SetConfig
                0x080010c4       0x58 Drivers\STM32F4xx_HAL_Driver\Src\stm32f4xx_hal_tim.o
 .text.TIM_OC3_SetConfig
                0x0800111c       0x60 Drivers\STM32F4xx_HAL_Driver\Src\stm32f4xx_hal_tim.o
 .text.TIM_OC4_SetConfig
                0x0800117c       0x50 Drivers\STM32F4xx_HAL_Driver\Src\stm32f4xx_hal_tim.o
 .text.TIM_Base_SetConfig
                0x080011cc       0xc8 Drivers\STM32F4xx_HAL_Driver\Src\stm32f4xx_hal_tim.o
                0x080011cc                TIM_Base_SetConfig
 .text.HAL_TIM_Base_Init
                0x08001294       0x34 Drivers\STM32F4xx_HAL_Driver\Src\stm32f4xx_hal_tim.o
                0x08001294                HAL_TIM_Base_Init
 .text.HAL_TIM_PWM_Init
                0x080012c8       0x34 Drivers\STM32F4xx_HAL_Driver\Src\stm32f4xx_hal_tim.o
                0x080012c8                HAL_TIM_PWM_Init
 .text.HAL_TIM_Encoder_Init
                0x080012fc       0x92 Drivers\STM32F4xx_HAL_Driver\Src\stm32f4xx_hal_tim.o
                0x080012fc                HAL_TIM_Encoder_Init
 *fill*         0x0800138e        0x2 
 .text.TIM_OC2_SetConfig
                0x08001390       0x60 Drivers\STM32F4xx_HAL_Driver\Src\stm32f4xx_hal_tim.o
                0x08001390                TIM_OC2_SetConfig
 .text.HAL_TIM_PWM_ConfigChannel
                0x080013f0       0xc4 Drivers\STM32F4xx_HAL_Driver\Src\stm32f4xx_hal_tim.o
                0x080013f0                HAL_TIM_PWM_ConfigChannel
 .text.HAL_TIMEx_MasterConfigSynchronization
                0x080014b4       0x44 Drivers\STM32F4xx_HAL_Driver\Src\stm32f4xx_hal_tim_ex.o
                0x080014b4                HAL_TIMEx_MasterConfigSynchronization
 .text.UART_SetConfig
                0x080014f8      0x234 Drivers\STM32F4xx_HAL_Driver\Src\stm32f4xx_hal_uart.o
 .text.HAL_UART_Init
                0x0800172c       0x5c Drivers\STM32F4xx_HAL_Driver\Src\stm32f4xx_hal_uart.o
                0x0800172c                HAL_UART_Init
 .text.MX_ADC1_Init
                0x08001788       0x60 Src\adc.o
                0x08001788                MX_ADC1_Init
 .text.HAL_ADC_MspInit
                0x080017e8       0xb4 Src\adc.o
                0x080017e8                HAL_ADC_MspInit
 .text.MX_GPIO_Init
                0x0800189c       0xf8 Src\gpio.o
                0x0800189c                MX_GPIO_Init
 .text.MX_I2C1_Init
                0x08001994       0x40 Src\i2c.o
                0x08001994                MX_I2C1_Init
 .text.MX_I2C2_Init
                0x080019d4       0x40 Src\i2c.o
                0x080019d4                MX_I2C2_Init
 .text.HAL_I2C_MspInit
                0x08001a14       0xc8 Src\i2c.o
                0x08001a14                HAL_I2C_MspInit
 .text.SystemClock_Config
                0x08001adc       0x94 Src\main.o
                0x08001adc                SystemClock_Config
 .text.startup.main
                0x08001b70       0x68 Src\main.o
                0x08001b70                main
 .text.Error_Handler
                0x08001bd8        0x2 Src\main.o
                0x08001bd8                Error_Handler
 *fill*         0x08001bda        0x2 
 .text.MX_SPI2_Init
                0x08001bdc       0x40 Src\spi.o
                0x08001bdc                MX_SPI2_Init
 .text.HAL_SPI_MspInit
                0x08001c1c       0x6c Src\spi.o
                0x08001c1c                HAL_SPI_MspInit
 .text.HAL_MspInit
                0x08001c88       0x38 Src\stm32f4xx_hal_msp.o
                0x08001c88                HAL_MspInit
 .text.NMI_Handler
                0x08001cc0        0x2 Src\stm32f4xx_it.o
                0x08001cc0                NMI_Handler
 .text.HardFault_Handler
                0x08001cc2        0x2 Src\stm32f4xx_it.o
                0x08001cc2                HardFault_Handler
 .text.MemManage_Handler
                0x08001cc4        0x2 Src\stm32f4xx_it.o
                0x08001cc4                MemManage_Handler
 .text.BusFault_Handler
                0x08001cc6        0x2 Src\stm32f4xx_it.o
                0x08001cc6                BusFault_Handler
 .text.UsageFault_Handler
                0x08001cc8        0x2 Src\stm32f4xx_it.o
                0x08001cc8                UsageFault_Handler
 .text.SVC_Handler
                0x08001cca        0x2 Src\stm32f4xx_it.o
                0x08001cca                SVC_Handler
 .text.DebugMon_Handler
                0x08001ccc        0x2 Src\stm32f4xx_it.o
                0x08001ccc                DebugMon_Handler
 .text.PendSV_Handler
                0x08001cce        0x2 Src\stm32f4xx_it.o
                0x08001cce                PendSV_Handler
 .text.SysTick_Handler
                0x08001cd0        0x4 Src\stm32f4xx_it.o
                0x08001cd0                SysTick_Handler
 .text.SystemInit
                0x08001cd4       0x4c Src\system_stm32f4xx.o
                0x08001cd4                SystemInit
 .text.MX_TIM1_Init
                0x08001d20       0x58 Src\tim.o
                0x08001d20                MX_TIM1_Init
 .text.MX_TIM6_Init
                0x08001d78       0x3c Src\tim.o
                0x08001d78                MX_TIM6_Init
 .text.MX_TIM7_Init
                0x08001db4       0x3c Src\tim.o
                0x08001db4                MX_TIM7_Init
 .text.MX_TIM8_Init
                0x08001df0       0x58 Src\tim.o
                0x08001df0                MX_TIM8_Init
 .text.HAL_TIM_Encoder_MspInit
                0x08001e48       0xb8 Src\tim.o
                0x08001e48                HAL_TIM_Encoder_MspInit
 .text.HAL_TIM_PWM_MspInit
                0x08001f00       0x30 Src\tim.o
                0x08001f00                HAL_TIM_PWM_MspInit
 .text.HAL_TIM_Base_MspInit
                0x08001f30       0x54 Src\tim.o
                0x08001f30                HAL_TIM_Base_MspInit
 .text.HAL_TIM_MspPostInit
                0x08001f84       0x54 Src\tim.o
                0x08001f84                HAL_TIM_MspPostInit
 .text.MX_TIM3_Init
                0x08001fd8       0x7c Src\tim.o
                0x08001fd8                MX_TIM3_Init
 .text.MX_UART4_Init
                0x08002054       0x38 Src\usart.o
                0x08002054                MX_UART4_Init
 .text.MX_USART1_UART_Init
                0x0800208c       0x38 Src\usart.o
                0x0800208c                MX_USART1_UART_Init
 .text.HAL_UART_MspInit
                0x080020c4       0xcc Src\usart.o
                0x080020c4                HAL_UART_MspInit
 .text.Reset_Handler
                0x08002190       0x50 startup\startup_stm32f407xx.o
                0x08002190                Reset_Handler
 .text.Default_Handler
                0x080021e0        0x2 startup\startup_stm32f407xx.o
                0x080021e0                RTC_Alarm_IRQHandler
                0x080021e0                HASH_RNG_IRQHandler
                0x080021e0                EXTI2_IRQHandler
                0x080021e0                TIM8_CC_IRQHandler
                0x080021e0                TIM1_CC_IRQHandler
                0x080021e0                DMA2_Stream5_IRQHandler
                0x080021e0                DMA1_Stream5_IRQHandler
                0x080021e0                PVD_IRQHandler
                0x080021e0                SDIO_IRQHandler
                0x080021e0                TAMP_STAMP_IRQHandler
                0x080021e0                CAN2_RX1_IRQHandler
                0x080021e0                EXTI3_IRQHandler
                0x080021e0                TIM8_TRG_COM_TIM14_IRQHandler
                0x080021e0                TIM1_UP_TIM10_IRQHandler
                0x080021e0                TIM8_UP_TIM13_IRQHandler
                0x080021e0                I2C3_ER_IRQHandler
                0x080021e0                EXTI0_IRQHandler
                0x080021e0                I2C2_EV_IRQHandler
                0x080021e0                DMA1_Stream2_IRQHandler
                0x080021e0                CAN1_RX0_IRQHandler
                0x080021e0                FPU_IRQHandler
                0x080021e0                OTG_HS_WKUP_IRQHandler
                0x080021e0                CAN2_SCE_IRQHandler
                0x080021e0                DMA2_Stream2_IRQHandler
                0x080021e0                SPI1_IRQHandler
                0x080021e0                TIM6_DAC_IRQHandler
                0x080021e0                TIM1_BRK_TIM9_IRQHandler
                0x080021e0                DCMI_IRQHandler
                0x080021e0                CAN2_RX0_IRQHandler
                0x080021e0                DMA2_Stream3_IRQHandler
                0x080021e0                USART6_IRQHandler
                0x080021e0                USART3_IRQHandler
                0x080021e0                CAN1_RX1_IRQHandler
                0x080021e0                UART5_IRQHandler
                0x080021e0                DMA2_Stream0_IRQHandler
                0x080021e0                TIM4_IRQHandler
                0x080021e0                I2C1_EV_IRQHandler
                0x080021e0                DMA1_Stream6_IRQHandler
                0x080021e0                DMA1_Stream1_IRQHandler
                0x080021e0                UART4_IRQHandler
                0x080021e0                TIM3_IRQHandler
                0x080021e0                RCC_IRQHandler
                0x080021e0                TIM8_BRK_TIM12_IRQHandler
                0x080021e0                Default_Handler
                0x080021e0                EXTI15_10_IRQHandler
                0x080021e0                ADC_IRQHandler
                0x080021e0                DMA1_Stream7_IRQHandler
                0x080021e0                TIM7_IRQHandler
                0x080021e0                CAN2_TX_IRQHandler
                0x080021e0                TIM5_IRQHandler
                0x080021e0                DMA2_Stream7_IRQHandler
                0x080021e0                I2C3_EV_IRQHandler
                0x080021e0                EXTI9_5_IRQHandler
                0x080021e0                RTC_WKUP_IRQHandler
                0x080021e0                ETH_WKUP_IRQHandler
                0x080021e0                SPI2_IRQHandler
                0x080021e0                OTG_HS_EP1_IN_IRQHandler
                0x080021e0                DMA1_Stream0_IRQHandler
                0x080021e0                CAN1_TX_IRQHandler
                0x080021e0                EXTI4_IRQHandler
                0x080021e0                FSMC_IRQHandler
                0x080021e0                ETH_IRQHandler
                0x080021e0                OTG_HS_EP1_OUT_IRQHandler
                0x080021e0                WWDG_IRQHandler
                0x080021e0                TIM2_IRQHandler
                0x080021e0                OTG_FS_WKUP_IRQHandler
                0x080021e0                TIM1_TRG_COM_TIM11_IRQHandler
                0x080021e0                OTG_HS_IRQHandler
                0x080021e0                EXTI1_IRQHandler
                0x080021e0                USART2_IRQHandler
                0x080021e0                I2C2_ER_IRQHandler
                0x080021e0                DMA2_Stream1_IRQHandler
                0x080021e0                CAN1_SCE_IRQHandler
                0x080021e0                FLASH_IRQHandler
                0x080021e0                DMA2_Stream4_IRQHandler
                0x080021e0                USART1_IRQHandler
                0x080021e0                OTG_FS_IRQHandler
                0x080021e0                SPI3_IRQHandler
                0x080021e0                DMA1_Stream4_IRQHandler
                0x080021e0                I2C1_ER_IRQHandler
                0x080021e0                DMA2_Stream6_IRQHandler
                0x080021e0                DMA1_Stream3_IRQHandler
 *fill*         0x080021e2        0x2 
 .text.__libc_init_array
                0x080021e4       0x48 c:/program files (x86)/atollic/truestudio for stm32 9.3.0/armtools/bin/../lib/gcc/arm-atollic-eabi/6.3.1/../../../../arm-atollic-eabi/lib/armv7e-m/fpu\libc_nano.a(lib_a-init.o)
                0x080021e4                __libc_init_array
 .text.memset   0x0800222c       0x10 c:/program files (x86)/atollic/truestudio for stm32 9.3.0/armtools/bin/../lib/gcc/arm-atollic-eabi/6.3.1/../../../../arm-atollic-eabi/lib/armv7e-m/fpu\libc_nano.a(lib_a-memset.o)
                0x0800222c                memset
 *(.glue_7)
 .glue_7        0x0800223c        0x0 linker stubs
 *(.glue_7t)
 .glue_7t       0x0800223c        0x0 linker stubs
 *(.eh_frame)
 .eh_frame      0x0800223c        0x0 c:/program files (x86)/atollic/truestudio for stm32 9.3.0/armtools/bin/../lib/gcc/arm-atollic-eabi/6.3.1/armv7e-m/fpu/crtbegin.o
 *(.init)
 .init          0x0800223c        0x4 c:/program files (x86)/atollic/truestudio for stm32 9.3.0/armtools/bin/../lib/gcc/arm-atollic-eabi/6.3.1/armv7e-m/fpu/crti.o
                0x0800223c                _init
 .init          0x08002240        0x8 c:/program files (x86)/atollic/truestudio for stm32 9.3.0/armtools/bin/../lib/gcc/arm-atollic-eabi/6.3.1/armv7e-m/fpu/crtn.o
 *(.fini)
 .fini          0x08002248        0x4 c:/program files (x86)/atollic/truestudio for stm32 9.3.0/armtools/bin/../lib/gcc/arm-atollic-eabi/6.3.1/armv7e-m/fpu/crti.o
                0x08002248                _fini
 .fini          0x0800224c        0x8 c:/program files (x86)/atollic/truestudio for stm32 9.3.0/armtools/bin/../lib/gcc/arm-atollic-eabi/6.3.1/armv7e-m/fpu/crtn.o
                0x08002254                . = ALIGN (0x4)
                0x08002254                _etext = .

.vfp11_veneer   0x08002254        0x0
 .vfp11_veneer  0x08002254        0x0 linker stubs

.v4_bx          0x08002254        0x0
 .v4_bx         0x08002254        0x0 linker stubs

.iplt           0x08002254        0x0
 .iplt          0x08002254        0x0 c:/program files (x86)/atollic/truestudio for stm32 9.3.0/armtools/bin/../lib/gcc/arm-atollic-eabi/6.3.1/armv7e-m/fpu/crtbegin.o

.rodata         0x08002254       0x18
                0x08002254                . = ALIGN (0x4)
 *(.rodata)
 *(.rodata*)
 .rodata.AHBPrescTable
                0x08002254       0x10 Src\system_stm32f4xx.o
                0x08002254                AHBPrescTable
 .rodata.APBPrescTable
                0x08002264        0x8 Src\system_stm32f4xx.o
                0x08002264                APBPrescTable
                0x0800226c                . = ALIGN (0x4)

.ARM.extab
 *(.ARM.extab* .gnu.linkonce.armextab.*)

.ARM            0x0800226c        0x8
                0x0800226c                __exidx_start = .
 *(.ARM.exidx*)
 .ARM.exidx     0x0800226c        0x8 c:/program files (x86)/atollic/truestudio for stm32 9.3.0/armtools/bin/../lib/gcc/arm-atollic-eabi/6.3.1/armv7e-m/fpu\libgcc.a(_udivmoddi4.o)
                0x08002274                __exidx_end = .

.rel.dyn        0x08002274        0x0
 .rel.iplt      0x08002274        0x0 c:/program files (x86)/atollic/truestudio for stm32 9.3.0/armtools/bin/../lib/gcc/arm-atollic-eabi/6.3.1/armv7e-m/fpu/crtbegin.o

.preinit_array  0x08002274        0x0
                0x08002274                PROVIDE (__preinit_array_start, .)
 *(.preinit_array*)
                0x08002274                PROVIDE (__preinit_array_end, .)

.init_array     0x08002274        0x4
                0x08002274                PROVIDE (__init_array_start, .)
 *(SORT(.init_array.*))
 *(.init_array*)
 .init_array    0x08002274        0x4 c:/program files (x86)/atollic/truestudio for stm32 9.3.0/armtools/bin/../lib/gcc/arm-atollic-eabi/6.3.1/armv7e-m/fpu/crtbegin.o
                0x08002278                PROVIDE (__init_array_end, .)

.fini_array     0x08002278        0x4
                [!provide]                PROVIDE (__fini_array_start, .)
 *(SORT(.fini_array.*))
 *(.fini_array*)
 .fini_array    0x08002278        0x4 c:/program files (x86)/atollic/truestudio for stm32 9.3.0/armtools/bin/../lib/gcc/arm-atollic-eabi/6.3.1/armv7e-m/fpu/crtbegin.o
                [!provide]                PROVIDE (__fini_array_end, .)
                0x0800227c                _sidata = LOADADDR (.data)

.data           0x20000000        0xc load address 0x0800227c
                0x20000000                . = ALIGN (0x4)
                0x20000000                _sdata = .
 *(.data)
 *(.data*)
 .data.uwTickFreq
                0x20000000        0x1 Drivers\STM32F4xx_HAL_Driver\Src\stm32f4xx_hal.o
                0x20000000                uwTickFreq
 *fill*         0x20000001        0x3 
 .data.uwTickPrio
                0x20000004        0x4 Drivers\STM32F4xx_HAL_Driver\Src\stm32f4xx_hal.o
                0x20000004                uwTickPrio
 .data.SystemCoreClock
                0x20000008        0x4 Src\system_stm32f4xx.o
                0x20000008                SystemCoreClock
                0x2000000c                . = ALIGN (0x4)
                0x2000000c                _edata = .
                0x08002288                _siccmram = LOADADDR (.ccmram)

.igot.plt       0x2000000c        0x0 load address 0x08002288
 .igot.plt      0x2000000c        0x0 c:/program files (x86)/atollic/truestudio for stm32 9.3.0/armtools/bin/../lib/gcc/arm-atollic-eabi/6.3.1/armv7e-m/fpu/crtbegin.o

.ccmram         0x10000000        0x0 load address 0x08002288
                0x10000000                . = ALIGN (0x4)
                0x10000000                _sccmram = .
 *(.ccmram)
 *(.ccmram*)
                0x10000000                . = ALIGN (0x4)
                0x10000000                _eccmram = .
                0x10000000                . = ALIGN (0x4)

.bss            0x2000000c      0x314
                0x2000000c                _sbss = .
                0x2000000c                __bss_start__ = _sbss
 *(.bss)
 .bss           0x2000000c       0x1c c:/program files (x86)/atollic/truestudio for stm32 9.3.0/armtools/bin/../lib/gcc/arm-atollic-eabi/6.3.1/armv7e-m/fpu/crtbegin.o
 *(.bss*)
 *(COMMON)
 COMMON         0x20000028        0x4 Drivers\STM32F4xx_HAL_Driver\Src\stm32f4xx_hal.o
                0x20000028                uwTick
 COMMON         0x2000002c       0x48 Src\adc.o
                0x2000002c                hadc1
 COMMON         0x20000074       0xa8 Src\i2c.o
                0x20000074                hi2c1
                0x200000c8                hi2c2
 COMMON         0x2000011c       0x58 Src\spi.o
                0x2000011c                hspi2
 COMMON         0x20000174      0x12c Src\tim.o
                0x20000174                htim8
                0x200001b0                htim3
                0x200001ec                htim6
                0x20000228                htim1
                0x20000264                htim7
 COMMON         0x200002a0       0x80 Src\usart.o
                0x200002a0                huart1
                0x200002e0                huart4
                0x20000320                . = ALIGN (0x4)
                0x20000320                _ebss = .
                0x20000320                __bss_end__ = _ebss

._user_heap_stack
                0x20000320      0x600
                0x20000320                . = ALIGN (0x4)
                [!provide]                PROVIDE (end, .)
                [!provide]                PROVIDE (_end, .)
                0x20000520                . = (. + _Min_Heap_Size)
 *fill*         0x20000320      0x200 
                0x20000920                . = (. + _Min_Stack_Size)
 *fill*         0x20000520      0x400 
                0x20000920                . = ALIGN (0x4)

/DISCARD/
 libc.a(*)
 libm.a(*)
 libgcc.a(*)

.ARM.attributes
                0x00000000       0x30
 *(.ARM.attributes)
 .ARM.attributes
                0x00000000       0x22 c:/program files (x86)/atollic/truestudio for stm32 9.3.0/armtools/bin/../lib/gcc/arm-atollic-eabi/6.3.1/armv7e-m/fpu/crti.o
 .ARM.attributes
                0x00000022       0x34 c:/program files (x86)/atollic/truestudio for stm32 9.3.0/armtools/bin/../lib/gcc/arm-atollic-eabi/6.3.1/armv7e-m/fpu/crtbegin.o
 .ARM.attributes
                0x00000056       0x39 Drivers\STM32F4xx_HAL_Driver\Src\stm32f4xx_hal.o
 .ARM.attributes
                0x0000008f       0x39 Drivers\STM32F4xx_HAL_Driver\Src\stm32f4xx_hal_adc.o
 .ARM.attributes
                0x000000c8       0x39 Drivers\STM32F4xx_HAL_Driver\Src\stm32f4xx_hal_cortex.o
 .ARM.attributes
                0x00000101       0x39 Drivers\STM32F4xx_HAL_Driver\Src\stm32f4xx_hal_gpio.o
 .ARM.attributes
                0x0000013a       0x39 Drivers\STM32F4xx_HAL_Driver\Src\stm32f4xx_hal_i2c.o
 .ARM.attributes
                0x00000173       0x39 Drivers\STM32F4xx_HAL_Driver\Src\stm32f4xx_hal_rcc.o
 .ARM.attributes
                0x000001ac       0x39 Drivers\STM32F4xx_HAL_Driver\Src\stm32f4xx_hal_spi.o
 .ARM.attributes
                0x000001e5       0x39 Drivers\STM32F4xx_HAL_Driver\Src\stm32f4xx_hal_tim.o
 .ARM.attributes
                0x0000021e       0x39 Drivers\STM32F4xx_HAL_Driver\Src\stm32f4xx_hal_tim_ex.o
 .ARM.attributes
                0x00000257       0x39 Drivers\STM32F4xx_HAL_Driver\Src\stm32f4xx_hal_uart.o
 .ARM.attributes
                0x00000290       0x39 Src\adc.o
 .ARM.attributes
                0x000002c9       0x39 Src\gpio.o
 .ARM.attributes
                0x00000302       0x39 Src\i2c.o
 .ARM.attributes
                0x0000033b       0x39 Src\main.o
 .ARM.attributes
                0x00000374       0x39 Src\spi.o
 .ARM.attributes
                0x000003ad       0x39 Src\stm32f4xx_hal_msp.o
 .ARM.attributes
                0x000003e6       0x39 Src\stm32f4xx_it.o
 .ARM.attributes
                0x0000041f       0x39 Src\system_stm32f4xx.o
 .ARM.attributes
                0x00000458       0x39 Src\tim.o
 .ARM.attributes
                0x00000491       0x39 Src\usart.o
 .ARM.attributes
                0x000004ca       0x21 startup\startup_stm32f407xx.o
 .ARM.attributes
                0x000004eb       0x34 c:/program files (x86)/atollic/truestudio for stm32 9.3.0/armtools/bin/../lib/gcc/arm-atollic-eabi/6.3.1/../../../../arm-atollic-eabi/lib/armv7e-m/fpu\libc_nano.a(lib_a-init.o)
 .ARM.attributes
                0x0000051f       0x34 c:/program files (x86)/atollic/truestudio for stm32 9.3.0/armtools/bin/../lib/gcc/arm-atollic-eabi/6.3.1/../../../../arm-atollic-eabi/lib/armv7e-m/fpu\libc_nano.a(lib_a-memset.o)
 .ARM.attributes
                0x00000553       0x22 c:/program files (x86)/atollic/truestudio for stm32 9.3.0/armtools/bin/../lib/gcc/arm-atollic-eabi/6.3.1/armv7e-m/fpu\libgcc.a(_aeabi_uldivmod.o)
 .ARM.attributes
                0x00000575       0x34 c:/program files (x86)/atollic/truestudio for stm32 9.3.0/armtools/bin/../lib/gcc/arm-atollic-eabi/6.3.1/armv7e-m/fpu\libgcc.a(_udivmoddi4.o)
 .ARM.attributes
                0x000005a9       0x22 c:/program files (x86)/atollic/truestudio for stm32 9.3.0/armtools/bin/../lib/gcc/arm-atollic-eabi/6.3.1/armv7e-m/fpu\libgcc.a(_dvmd_tls.o)
 .ARM.attributes
                0x000005cb       0x22 c:/program files (x86)/atollic/truestudio for stm32 9.3.0/armtools/bin/../lib/gcc/arm-atollic-eabi/6.3.1/armv7e-m/fpu/crtn.o
OUTPUT(TracerM4.elf elf32-littlearm)

.debug_info     0x00000000    0x1e03c
 .debug_info    0x00000000     0x11ec Drivers\STM32F4xx_HAL_Driver\Src\stm32f4xx_hal.o
 .debug_info    0x000011ec     0x15ad Drivers\STM32F4xx_HAL_Driver\Src\stm32f4xx_hal_adc.o
 .debug_info    0x00002799     0x1744 Drivers\STM32F4xx_HAL_Driver\Src\stm32f4xx_hal_cortex.o
 .debug_info    0x00003edd      0xf88 Drivers\STM32F4xx_HAL_Driver\Src\stm32f4xx_hal_gpio.o
 .debug_info    0x00004e65     0x378c Drivers\STM32F4xx_HAL_Driver\Src\stm32f4xx_hal_i2c.o
 .debug_info    0x000085f1     0x1269 Drivers\STM32F4xx_HAL_Driver\Src\stm32f4xx_hal_rcc.o
 .debug_info    0x0000985a     0x23d2 Drivers\STM32F4xx_HAL_Driver\Src\stm32f4xx_hal_spi.o
 .debug_info    0x0000bc2c     0x3ba2 Drivers\STM32F4xx_HAL_Driver\Src\stm32f4xx_hal_tim.o
 .debug_info    0x0000f7ce     0x19a5 Drivers\STM32F4xx_HAL_Driver\Src\stm32f4xx_hal_tim_ex.o
 .debug_info    0x00011173     0x1ea3 Drivers\STM32F4xx_HAL_Driver\Src\stm32f4xx_hal_uart.o
 .debug_info    0x00013016     0x1335 Src\adc.o
 .debug_info    0x0001434b      0xd8e Src\gpio.o
 .debug_info    0x000150d9     0x12db Src\i2c.o
 .debug_info    0x000163b4     0x1dbc Src\main.o
 .debug_info    0x00018170     0x121c Src\spi.o
 .debug_info    0x0001938c      0xb25 Src\stm32f4xx_hal_msp.o
 .debug_info    0x00019eb1      0x9c9 Src\stm32f4xx_it.o
 .debug_info    0x0001a87a      0xd1c Src\system_stm32f4xx.o
 .debug_info    0x0001b596     0x181c Src\tim.o
 .debug_info    0x0001cdb2     0x1212 Src\usart.o
 .debug_info    0x0001dfc4       0x78 startup\startup_stm32f407xx.o

.debug_abbrev   0x00000000     0x36c7
 .debug_abbrev  0x00000000      0x308 Drivers\STM32F4xx_HAL_Driver\Src\stm32f4xx_hal.o
 .debug_abbrev  0x00000308      0x321 Drivers\STM32F4xx_HAL_Driver\Src\stm32f4xx_hal_adc.o
 .debug_abbrev  0x00000629      0x399 Drivers\STM32F4xx_HAL_Driver\Src\stm32f4xx_hal_cortex.o
 .debug_abbrev  0x000009c2      0x268 Drivers\STM32F4xx_HAL_Driver\Src\stm32f4xx_hal_gpio.o
 .debug_abbrev  0x00000c2a      0x3b4 Drivers\STM32F4xx_HAL_Driver\Src\stm32f4xx_hal_i2c.o
 .debug_abbrev  0x00000fde      0x353 Drivers\STM32F4xx_HAL_Driver\Src\stm32f4xx_hal_rcc.o
 .debug_abbrev  0x00001331      0x3ac Drivers\STM32F4xx_HAL_Driver\Src\stm32f4xx_hal_spi.o
 .debug_abbrev  0x000016dd      0x3ac Drivers\STM32F4xx_HAL_Driver\Src\stm32f4xx_hal_tim.o
 .debug_abbrev  0x00001a89      0x300 Drivers\STM32F4xx_HAL_Driver\Src\stm32f4xx_hal_tim_ex.o
 .debug_abbrev  0x00001d89      0x397 Drivers\STM32F4xx_HAL_Driver\Src\stm32f4xx_hal_uart.o
 .debug_abbrev  0x00002120      0x24a Src\adc.o
 .debug_abbrev  0x0000236a      0x204 Src\gpio.o
 .debug_abbrev  0x0000256e      0x24d Src\i2c.o
 .debug_abbrev  0x000027bb      0x263 Src\main.o
 .debug_abbrev  0x00002a1e      0x24d Src\spi.o
 .debug_abbrev  0x00002c6b      0x1a8 Src\stm32f4xx_hal_msp.o
 .debug_abbrev  0x00002e13      0x1e1 Src\stm32f4xx_it.o
 .debug_abbrev  0x00002ff4      0x1ca Src\system_stm32f4xx.o
 .debug_abbrev  0x000031be      0x2b8 Src\tim.o
 .debug_abbrev  0x00003476      0x23f Src\usart.o
 .debug_abbrev  0x000036b5       0x12 startup\startup_stm32f407xx.o

.debug_loc      0x00000000     0xa4d5
 .debug_loc     0x00000000      0x11b Drivers\STM32F4xx_HAL_Driver\Src\stm32f4xx_hal.o
 .debug_loc     0x0000011b      0x79c Drivers\STM32F4xx_HAL_Driver\Src\stm32f4xx_hal_adc.o
 .debug_loc     0x000008b7      0x4fb Drivers\STM32F4xx_HAL_Driver\Src\stm32f4xx_hal_cortex.o
 .debug_loc     0x00000db2      0x3cd Drivers\STM32F4xx_HAL_Driver\Src\stm32f4xx_hal_gpio.o
 .debug_loc     0x0000117f     0x2bba Drivers\STM32F4xx_HAL_Driver\Src\stm32f4xx_hal_i2c.o
 .debug_loc     0x00003d39      0x336 Drivers\STM32F4xx_HAL_Driver\Src\stm32f4xx_hal_rcc.o
 .debug_loc     0x0000406f     0x150f Drivers\STM32F4xx_HAL_Driver\Src\stm32f4xx_hal_spi.o
 .debug_loc     0x0000557e     0x30b2 Drivers\STM32F4xx_HAL_Driver\Src\stm32f4xx_hal_tim.o
 .debug_loc     0x00008630      0x84a Drivers\STM32F4xx_HAL_Driver\Src\stm32f4xx_hal_tim_ex.o
 .debug_loc     0x00008e7a     0x132c Drivers\STM32F4xx_HAL_Driver\Src\stm32f4xx_hal_uart.o
 .debug_loc     0x0000a1a6       0x58 Src\adc.o
 .debug_loc     0x0000a1fe       0x71 Src\i2c.o
 .debug_loc     0x0000a26f       0x58 Src\spi.o
 .debug_loc     0x0000a2c7      0x11c Src\system_stm32f4xx.o
 .debug_loc     0x0000a3e3       0x8f Src\tim.o
 .debug_loc     0x0000a472       0x63 Src\usart.o

.debug_aranges  0x00000000      0xd28
 .debug_aranges
                0x00000000       0xd8 Drivers\STM32F4xx_HAL_Driver\Src\stm32f4xx_hal.o
 .debug_aranges
                0x000000d8       0xb8 Drivers\STM32F4xx_HAL_Driver\Src\stm32f4xx_hal_adc.o
 .debug_aranges
                0x00000190       0xa8 Drivers\STM32F4xx_HAL_Driver\Src\stm32f4xx_hal_cortex.o
 .debug_aranges
                0x00000238       0x58 Drivers\STM32F4xx_HAL_Driver\Src\stm32f4xx_hal_gpio.o
 .debug_aranges
                0x00000290      0x190 Drivers\STM32F4xx_HAL_Driver\Src\stm32f4xx_hal_i2c.o
 .debug_aranges
                0x00000420       0x88 Drivers\STM32F4xx_HAL_Driver\Src\stm32f4xx_hal_rcc.o
 .debug_aranges
                0x000004a8      0x180 Drivers\STM32F4xx_HAL_Driver\Src\stm32f4xx_hal_spi.o
 .debug_aranges
                0x00000628      0x250 Drivers\STM32F4xx_HAL_Driver\Src\stm32f4xx_hal_tim.o
 .debug_aranges
                0x00000878       0xf0 Drivers\STM32F4xx_HAL_Driver\Src\stm32f4xx_hal_tim_ex.o
 .debug_aranges
                0x00000968      0x170 Drivers\STM32F4xx_HAL_Driver\Src\stm32f4xx_hal_uart.o
 .debug_aranges
                0x00000ad8       0x30 Src\adc.o
 .debug_aranges
                0x00000b08       0x20 Src\gpio.o
 .debug_aranges
                0x00000b28       0x38 Src\i2c.o
 .debug_aranges
                0x00000b60       0x30 Src\main.o
 .debug_aranges
                0x00000b90       0x30 Src\spi.o
 .debug_aranges
                0x00000bc0       0x20 Src\stm32f4xx_hal_msp.o
 .debug_aranges
                0x00000be0       0x48 Src\stm32f4xx_it.o
 .debug_aranges
                0x00000c28       0x28 Src\system_stm32f4xx.o
 .debug_aranges
                0x00000c50       0x78 Src\tim.o
 .debug_aranges
                0x00000cc8       0x38 Src\usart.o
 .debug_aranges
                0x00000d00       0x28 startup\startup_stm32f407xx.o

.debug_ranges   0x00000000     0x1158
 .debug_ranges  0x00000000       0xc8 Drivers\STM32F4xx_HAL_Driver\Src\stm32f4xx_hal.o
 .debug_ranges  0x000000c8       0xc8 Drivers\STM32F4xx_HAL_Driver\Src\stm32f4xx_hal_adc.o
 .debug_ranges  0x00000190      0x138 Drivers\STM32F4xx_HAL_Driver\Src\stm32f4xx_hal_cortex.o
 .debug_ranges  0x000002c8       0x68 Drivers\STM32F4xx_HAL_Driver\Src\stm32f4xx_hal_gpio.o
 .debug_ranges  0x00000330      0x358 Drivers\STM32F4xx_HAL_Driver\Src\stm32f4xx_hal_i2c.o
 .debug_ranges  0x00000688       0xb0 Drivers\STM32F4xx_HAL_Driver\Src\stm32f4xx_hal_rcc.o
 .debug_ranges  0x00000738      0x1d0 Drivers\STM32F4xx_HAL_Driver\Src\stm32f4xx_hal_spi.o
 .debug_ranges  0x00000908      0x330 Drivers\STM32F4xx_HAL_Driver\Src\stm32f4xx_hal_tim.o
 .debug_ranges  0x00000c38       0xe0 Drivers\STM32F4xx_HAL_Driver\Src\stm32f4xx_hal_tim_ex.o
 .debug_ranges  0x00000d18      0x178 Drivers\STM32F4xx_HAL_Driver\Src\stm32f4xx_hal_uart.o
 .debug_ranges  0x00000e90       0x50 Src\adc.o
 .debug_ranges  0x00000ee0       0x40 Src\gpio.o
 .debug_ranges  0x00000f20       0x58 Src\i2c.o
 .debug_ranges  0x00000f78       0x20 Src\main.o
 .debug_ranges  0x00000f98       0x38 Src\spi.o
 .debug_ranges  0x00000fd0       0x10 Src\stm32f4xx_hal_msp.o
 .debug_ranges  0x00000fe0       0x38 Src\stm32f4xx_it.o
 .debug_ranges  0x00001018       0x18 Src\system_stm32f4xx.o
 .debug_ranges  0x00001030       0xb0 Src\tim.o
 .debug_ranges  0x000010e0       0x58 Src\usart.o
 .debug_ranges  0x00001138       0x20 startup\startup_stm32f407xx.o

.debug_line     0x00000000     0x833c
 .debug_line    0x00000000      0x492 Drivers\STM32F4xx_HAL_Driver\Src\stm32f4xx_hal.o
 .debug_line    0x00000492      0x758 Drivers\STM32F4xx_HAL_Driver\Src\stm32f4xx_hal_adc.o
 .debug_line    0x00000bea      0x4dc Drivers\STM32F4xx_HAL_Driver\Src\stm32f4xx_hal_cortex.o
 .debug_line    0x000010c6      0x47a Drivers\STM32F4xx_HAL_Driver\Src\stm32f4xx_hal_gpio.o
 .debug_line    0x00001540     0x1887 Drivers\STM32F4xx_HAL_Driver\Src\stm32f4xx_hal_i2c.o
 .debug_line    0x00002dc7      0x58b Drivers\STM32F4xx_HAL_Driver\Src\stm32f4xx_hal_rcc.o
 .debug_line    0x00003352      0xbb2 Drivers\STM32F4xx_HAL_Driver\Src\stm32f4xx_hal_spi.o
 .debug_line    0x00003f04     0x117f Drivers\STM32F4xx_HAL_Driver\Src\stm32f4xx_hal_tim.o
 .debug_line    0x00005083      0x6cb Drivers\STM32F4xx_HAL_Driver\Src\stm32f4xx_hal_tim_ex.o
 .debug_line    0x0000574e      0xbef Drivers\STM32F4xx_HAL_Driver\Src\stm32f4xx_hal_uart.o
 .debug_line    0x0000633d      0x34f Src\adc.o
 .debug_line    0x0000668c      0x29c Src\gpio.o
 .debug_line    0x00006928      0x355 Src\i2c.o
 .debug_line    0x00006c7d      0x3f7 Src\main.o
 .debug_line    0x00007074      0x315 Src\spi.o
 .debug_line    0x00007389      0x245 Src\stm32f4xx_hal_msp.o
 .debug_line    0x000075ce      0x2b4 Src\stm32f4xx_it.o
 .debug_line    0x00007882      0x275 Src\system_stm32f4xx.o
 .debug_line    0x00007af7      0x46d Src\tim.o
 .debug_line    0x00007f64      0x359 Src\usart.o
 .debug_line    0x000082bd       0x7f startup\startup_stm32f407xx.o

.debug_str      0x00000000     0x4c70
 .debug_str     0x00000000      0xf14 Drivers\STM32F4xx_HAL_Driver\Src\stm32f4xx_hal.o
                                0xfba (size before relaxing)
 .debug_str     0x00000f14      0x6bf Drivers\STM32F4xx_HAL_Driver\Src\stm32f4xx_hal_adc.o
                                0xdba (size before relaxing)
 .debug_str     0x000015d3      0x3c3 Drivers\STM32F4xx_HAL_Driver\Src\stm32f4xx_hal_cortex.o
                               0x1091 (size before relaxing)
 .debug_str     0x00001996      0x1cd Drivers\STM32F4xx_HAL_Driver\Src\stm32f4xx_hal_gpio.o
                                0x967 (size before relaxing)
 .debug_str     0x00001b63      0xa67 Drivers\STM32F4xx_HAL_Driver\Src\stm32f4xx_hal_i2c.o
                               0x13ad (size before relaxing)
 .debug_str     0x000025ca      0x2c9 Drivers\STM32F4xx_HAL_Driver\Src\stm32f4xx_hal_rcc.o
                                0xb3a (size before relaxing)
 .debug_str     0x00002893      0x687 Drivers\STM32F4xx_HAL_Driver\Src\stm32f4xx_hal_spi.o
                                0xff1 (size before relaxing)
 .debug_str     0x00002f1a      0xeda Drivers\STM32F4xx_HAL_Driver\Src\stm32f4xx_hal_tim.o
                               0x182c (size before relaxing)
 .debug_str     0x00003df4      0x50d Drivers\STM32F4xx_HAL_Driver\Src\stm32f4xx_hal_tim_ex.o
                               0x10ec (size before relaxing)
 .debug_str     0x00004301      0x675 Drivers\STM32F4xx_HAL_Driver\Src\stm32f4xx_hal_uart.o
                               0x1069 (size before relaxing)
 .debug_str     0x00004976       0x3f Src\adc.o
                                0xc66 (size before relaxing)
 .debug_str     0x000049b5       0x1b Src\gpio.o
                                0x807 (size before relaxing)
 .debug_str     0x000049d0       0x3d Src\i2c.o
                                0xd34 (size before relaxing)
 .debug_str     0x00004a0d       0xc8 Src\main.o
                               0x152e (size before relaxing)
 .debug_str     0x00004ad5       0x17 Src\spi.o
                                0xc6a (size before relaxing)
 .debug_str     0x00004aec       0x1b Src\stm32f4xx_hal_msp.o
                                0x74f (size before relaxing)
 .debug_str     0x00004b07       0xa6 Src\stm32f4xx_it.o
                                0x6d7 (size before relaxing)
 .debug_str     0x00004bad       0x45 Src\system_stm32f4xx.o
                                0x7cb (size before relaxing)
 .debug_str     0x00004bf2       0x64 Src\tim.o
                                0xefe (size before relaxing)
 .debug_str     0x00004c56       0x1a Src\usart.o
                                0xc60 (size before relaxing)

.comment        0x00000000       0x7c
 .comment       0x00000000       0x7c Drivers\STM32F4xx_HAL_Driver\Src\stm32f4xx_hal.o
                                 0x7d (size before relaxing)
 .comment       0x0000007c       0x7d Drivers\STM32F4xx_HAL_Driver\Src\stm32f4xx_hal_adc.o
 .comment       0x0000007c       0x7d Drivers\STM32F4xx_HAL_Driver\Src\stm32f4xx_hal_cortex.o
 .comment       0x0000007c       0x7d Drivers\STM32F4xx_HAL_Driver\Src\stm32f4xx_hal_gpio.o
 .comment       0x0000007c       0x7d Drivers\STM32F4xx_HAL_Driver\Src\stm32f4xx_hal_i2c.o
 .comment       0x0000007c       0x7d Drivers\STM32F4xx_HAL_Driver\Src\stm32f4xx_hal_rcc.o
 .comment       0x0000007c       0x7d Drivers\STM32F4xx_HAL_Driver\Src\stm32f4xx_hal_spi.o
 .comment       0x0000007c       0x7d Drivers\STM32F4xx_HAL_Driver\Src\stm32f4xx_hal_tim.o
 .comment       0x0000007c       0x7d Drivers\STM32F4xx_HAL_Driver\Src\stm32f4xx_hal_tim_ex.o
 .comment       0x0000007c       0x7d Drivers\STM32F4xx_HAL_Driver\Src\stm32f4xx_hal_uart.o
 .comment       0x0000007c       0x7d Src\adc.o
 .comment       0x0000007c       0x7d Src\gpio.o
 .comment       0x0000007c       0x7d Src\i2c.o
 .comment       0x0000007c       0x7d Src\main.o
 .comment       0x0000007c       0x7d Src\spi.o
 .comment       0x0000007c       0x7d Src\stm32f4xx_hal_msp.o
 .comment       0x0000007c       0x7d Src\stm32f4xx_it.o
 .comment       0x0000007c       0x7d Src\system_stm32f4xx.o
 .comment       0x0000007c       0x7d Src\tim.o
 .comment       0x0000007c       0x7d Src\usart.o

.debug_frame    0x00000000     0x28e0
 .debug_frame   0x00000000      0x1d0 Drivers\STM32F4xx_HAL_Driver\Src\stm32f4xx_hal.o
 .debug_frame   0x000001d0      0x244 Drivers\STM32F4xx_HAL_Driver\Src\stm32f4xx_hal_adc.o
 .debug_frame   0x00000414      0x158 Drivers\STM32F4xx_HAL_Driver\Src\stm32f4xx_hal_cortex.o
 .debug_frame   0x0000056c       0xd8 Drivers\STM32F4xx_HAL_Driver\Src\stm32f4xx_hal_gpio.o
 .debug_frame   0x00000644      0x684 Drivers\STM32F4xx_HAL_Driver\Src\stm32f4xx_hal_i2c.o
 .debug_frame   0x00000cc8      0x13c Drivers\STM32F4xx_HAL_Driver\Src\stm32f4xx_hal_rcc.o
 .debug_frame   0x00000e04      0x560 Drivers\STM32F4xx_HAL_Driver\Src\stm32f4xx_hal_spi.o
 .debug_frame   0x00001364      0x854 Drivers\STM32F4xx_HAL_Driver\Src\stm32f4xx_hal_tim.o
 .debug_frame   0x00001bb8      0x330 Drivers\STM32F4xx_HAL_Driver\Src\stm32f4xx_hal_tim_ex.o
 .debug_frame   0x00001ee8      0x4a0 Drivers\STM32F4xx_HAL_Driver\Src\stm32f4xx_hal_uart.o
 .debug_frame   0x00002388       0x70 Src\adc.o
 .debug_frame   0x000023f8       0x34 Src\gpio.o
 .debug_frame   0x0000242c       0x84 Src\i2c.o
 .debug_frame   0x000024b0       0x58 Src\main.o
 .debug_frame   0x00002508       0x60 Src\spi.o
 .debug_frame   0x00002568       0x28 Src\stm32f4xx_hal_msp.o
 .debug_frame   0x00002590       0xa0 Src\stm32f4xx_it.o
 .debug_frame   0x00002630       0x38 Src\system_stm32f4xx.o
 .debug_frame   0x00002668      0x14c Src\tim.o
 .debug_frame   0x000027b4       0x80 Src\usart.o
 .debug_frame   0x00002834       0x2c c:/program files (x86)/atollic/truestudio for stm32 9.3.0/armtools/bin/../lib/gcc/arm-atollic-eabi/6.3.1/../../../../arm-atollic-eabi/lib/armv7e-m/fpu\libc_nano.a(lib_a-init.o)
 .debug_frame   0x00002860       0x20 c:/program files (x86)/atollic/truestudio for stm32 9.3.0/armtools/bin/../lib/gcc/arm-atollic-eabi/6.3.1/../../../../arm-atollic-eabi/lib/armv7e-m/fpu\libc_nano.a(lib_a-memset.o)
 .debug_frame   0x00002880       0x2c c:/program files (x86)/atollic/truestudio for stm32 9.3.0/armtools/bin/../lib/gcc/arm-atollic-eabi/6.3.1/armv7e-m/fpu\libgcc.a(_aeabi_uldivmod.o)
 .debug_frame   0x000028ac       0x34 c:/program files (x86)/atollic/truestudio for stm32 9.3.0/armtools/bin/../lib/gcc/arm-atollic-eabi/6.3.1/armv7e-m/fpu\libgcc.a(_udivmoddi4.o)
